error: allow(uncommon_codepoints) is ignored unless specified at crate level
  --> $DIR/crate_level_only_lint_stacked.rs:7:9
   |
LL | #[allow(uncommon_codepoints)]
   |         ^^^^^^^^^^^^^^^^^^^
   |
note: the lint level is defined here
  --> $DIR/crate_level_only_lint_stacked.rs:4:9
   |
LL | #![deny(unused_attributes)]
   |         ^^^^^^^^^^^^^^^^^

error: allow(non_ascii_idents) is ignored unless specified at crate level
  --> $DIR/crate_level_only_lint_stacked.rs:10:13
   |
LL |     #[allow(non_ascii_idents)]
   |             ^^^^^^^^^^^^^^^^

error: allow(non_ascii_idents) is ignored unless specified at crate level
  --> $DIR/crate_level_only_lint_stacked.rs:10:13
   |
LL |     #[allow(non_ascii_idents)]
   |             ^^^^^^^^^^^^^^^^
   |
   = note: duplicate diagnostic emitted due to `-Z deduplicate-diagnostics=no`

error: aborting due to 3 previous errors

