error: moving 9999 bytes
  --> $DIR/move_into_fn.rs:9:13
   |
LL |     one_arg([0; 9999]);
   |             ^^^^^^^^^ value moved from here
   |
   = note: The current maximum size is 1000, but it can be customized with the move_size_limit attribute: `#![move_size_limit = "..."]`
note: the lint level is defined here
  --> $DIR/move_into_fn.rs:5:9
   |
LL | #![deny(large_assignments)]
   |         ^^^^^^^^^^^^^^^^^

error: moving 9999 bytes
  --> $DIR/move_into_fn.rs:11:9
   |
LL |         [0; 9999],
   |         ^^^^^^^^^ value moved from here
   |
   = note: The current maximum size is 1000, but it can be customized with the move_size_limit attribute: `#![move_size_limit = "..."]`

error: moving 9999 bytes
  --> $DIR/move_into_fn.rs:13:9
   |
LL |         [0; 9999],
   |         ^^^^^^^^^ value moved from here
   |
   = note: The current maximum size is 1000, but it can be customized with the move_size_limit attribute: `#![move_size_limit = "..."]`

error: aborting due to 3 previous errors

